com/hpi/ofxAggregates/OfxInvBuyDebt.class
com/hpi/ofxAggregates/OfxStmtTrn.class
com/hpi/appcontrollers/positions/OptionControllerBase.class
com/hpi/ofxAggregates/OfxInvSellStock.class
com/hpi/ofxAggregates/OfxAggregateBase.class
com/hpi/appcontrollers/positions/ClosedPositionsOptionController.class
com/hpi/appcontrollers/AppController.class
com/hpi/ofxAggregates/OfxInvBuyOther.class
com/hpi/ofxAggregates/OfxSecListMsgsRSv1.class
com/hpi/ofxAggregates/OfxOOBuyOpt.class
com/hpi/appcontrollers/DbOfxController$inner.class
com/hpi/ofxFileHandling/DesiredCapability.class
com/hpi/ofxAggregates/OfxInvSellOther.class
com/hpi/appcontrollers/positions/OpenPositionsStockController.class
com/hpi/ofxAggregates/OfxInvSellOpt.class
com/hpi/appcontrollers/positions/OpenPositionsOptionController.class
com/hpi/appcontrollers/OptionHistoryController.class
com/hpi/ofxAggregates/OfxInvSell.class
com/hpi/appcontrollers/positions/PositionBaseStock.class
com/hpi/ofxAggregates/OfxInvBuy.class
com/hpi/ofxAggregates/OfxInvReinvest.class
com/hpi/ofxAggregates/OfxFiMFPortion.class
com/hpi/appcontrollers/IEXTradingController.class
com/hpi/appcontrollers/FinVizController3.class
com/hpi/ofxAggregates/OfxOOBuyMF.class
com/hpi/ofxAggregates/OfxFiMFAssetClass.class
com/hpi/ofxAggregates/OfxInvBuyMF.class
com/hpi/ofxAggregates/OfxStatus.class
com/hpi/ofxAggregates/OfxInvStmtTrnRS.class
com/hpi/ofxAggregates/OfxSecId.class
com/hpi/ofxAggregates/OfxInvExpense.class
com/hpi/ofxAggregates/OfxInvSplit.class
com/hpi/ofxAggregates/OfxSignOnMsgsRSv1.class
com/hpi/ofxAggregates/OfxSecInfo.class
com/hpi/appcontrollers/EquityHistory.class
com/hpi/appcontrollers/FinVizController4$MyHostnameVerifier.class
com/hpi/ofxAggregates/OfxPayee.class
com/hpi/ofxAggregates/OfxInvRetOfCap.class
com/hpi/appcontrollers/OfxDirectDLController.class
com/hpi/appcontrollers/FinVizController3$MyHostnameVerifier.class
com/hpi/ofxAggregates/OfxInvJrnlFund.class
com/hpi/ofxAggregates/OfxInvTransfer.class
com/hpi/ofxAggregates/OfxInvBuyStock.class
com/hpi/ofxAggregates/OfxImageData.class
com/hpi/ofxAggregates/OfxMFAssetClass.class
com/hpi/ofxAggregates/OfxInv401kBal.class
com/hpi/ofxAggregates/OfxInvTran.class
com/hpi/ofxAggregates/OfxPosMF.class
com/hpi/appTPCcli/TPCcliEx.class
com/hpi/ofxAggregates/OfxPosStock.class
com/hpi/ofxFileHandling/OfxFileController.class
com/hpi/ofxAggregates/OfxInvBankTran.class
com/hpi/appcontrollers/OFXHomeController.class
com/hpi/ofxAggregates/OfxPosOpt.class
com/hpi/ofxAggregates/OfxPosDebt.class
com/hpi/ofxAggregates/OfxOOBuyOther.class
com/hpi/ofxAggregates/OfxInvMarginInterest.class
com/hpi/ofxAggregates/OfxOOBuyStock.class
com/hpi/ofxAggregates/OfxOOBuyDebt.class
com/hpi/ofxAggregates/OfxPosOther.class
com/hpi/ofxAggregates/OfxInvAcctFrom.class
com/hpi/ofxAggregates/OfxInvBal.class
com/hpi/ofxAggregates/OfxOOSellDebt.class
com/hpi/ofxAggregates/OfxOOSellOther.class
com/hpi/appcontrollers/FinVizController2$MyHostnameVerifier.class
com/hpi/ofxAggregates/OfxCurrency.class
com/hpi/appcontrollers/FinVizController2.class
com/hpi/ofxAggregates/OfxBankAcctToFrom.class
com/hpi/ofxAggregates/OfxSecList.class
com/hpi/appcontrollers/TDAmeritradeFetchStocksController.class
com/hpi/ofxAggregates/OfxInvJrnlSec.class
com/hpi/appcontrollers/OfxDirectDLControllerOld.class
com/hpi/ofxAggregates/OfxInvClosureOpt.class
com/hpi/ofxAggregates/OfxStockInfo.class
com/hpi/ofxAggregates/OfxOOSellOpt.class
com/hpi/ofxFileHandling/FixSGML2XML.class
com/hpi/ofxAggregates/OfxMFInfo.class
com/hpi/ofxFileHandling/SGMLNode.class
com/hpi/ofxAggregates/OfxMFPortion.class
com/hpi/ofxAggregates/OfxInv401k.class
com/hpi/ofxAggregates/IOfxSQL.class
com/hpi/ofxAggregates/OfxOtherInfo.class
com/hpi/ofxAggregates/OfxFI.class
com/hpi/ofxAggregates/OfxBal.class
com/hpi/appcontrollers/TDAmeritradeFetchOptionsController2.class
com/hpi/ofxAggregates/OfxOOSwitchMF.class
com/hpi/ofxAggregates/OfxDebtInfo.class
com/hpi/ofxAggregates/OfxOOSellStock.class
com/hpi/appcontrollers/FinVizController4.class
com/hpi/appcontrollers/TDAmeritradeFetchStocksController2.class
com/hpi/ofxAggregates/OfxInvStmtMsgsRSv1.class
com/hpi/appcontrollers/IEXTradingController$TypeTokenImpl.class
com/hpi/ofxAggregates/OfxOOSellMF.class
com/hpi/appcontrollers/DbOfxController.class
com/hpi/appcontrollers/positions/ClosedPositionsStockController.class
com/hpi/ofxAggregates/OfxInvIncome.class
com/hpi/ofxAggregates/OfxInvSellDebt.class
com/hpi/ofxAggregates/OfxOptInfo.class
com/hpi/appcontrollers/CmdLineController.class
com/hpi/ofxAggregates/OfxInvPos.class
com/hpi/ofxAggregates/OfxOpenOrder.class
com/hpi/ofxAggregates/OfxCCAcctToFrom.class
com/hpi/ofxAggregates/OfxOfx.class
com/hpi/appcontrollers/DataMartController.class
com/hpi/ofxAggregates/OfxSonRS.class
com/hpi/ofxAggregates/OfxInvStmtRS.class
com/hpi/ofxAggregates/OfxInvSellMF.class
com/hpi/ofxAggregates/OfxInvBuyOpt.class
