/home/white/OneDrive/Documents/Dev/TPCcli/src/main/java/com/hpi/ofxAggregates/OfxInvJrnlFund.java
/home/white/OneDrive/Documents/Dev/TPCcli/src/main/java/com/hpi/ofxAggregates/OfxPosOther.java
/home/white/OneDrive/Documents/Dev/TPCcli/src/main/java/com/hpi/ofxAggregates/OfxInvStmtRS.java
/home/white/OneDrive/Documents/Dev/TPCcli/src/main/java/com/hpi/ofxAggregates/OfxMFAssetClass.java
/home/white/OneDrive/Documents/Dev/TPCcli/src/main/java/com/hpi/ofxAggregates/OfxCCAcctToFrom.java
/home/white/OneDrive/Documents/Dev/TPCcli/src/main/java/com/hpi/ofxAggregates/OfxOtherInfo.java
/home/white/OneDrive/Documents/Dev/TPCcli/src/main/java/com/hpi/ofxAggregates/OfxInvTran.java
/home/white/OneDrive/Documents/Dev/TPCcli/src/main/java/com/hpi/ofxAggregates/OfxInvClosureOpt.java
/home/white/OneDrive/Documents/Dev/TPCcli/src/main/java/com/hpi/ofxAggregates/OfxInv401kBal.java
/home/white/OneDrive/Documents/Dev/TPCcli/src/main/java/com/hpi/appcontrollers/OfxDirectDLControllerOld.java
/home/white/OneDrive/Documents/Dev/TPCcli/src/main/java/com/hpi/appcontrollers/AppController.java
/home/white/OneDrive/Documents/Dev/TPCcli/src/main/java/com/hpi/ofxAggregates/OfxInvIncome.java
/home/white/OneDrive/Documents/Dev/TPCcli/src/main/java/com/hpi/appcontrollers/TDAmeritradeFetchOptionsController2.java
/home/white/OneDrive/Documents/Dev/TPCcli/src/main/java/com/hpi/ofxAggregates/OfxCurrency.java
/home/white/OneDrive/Documents/Dev/TPCcli/src/main/java/com/hpi/appcontrollers/OFXHomeController.java
/home/white/OneDrive/Documents/Dev/TPCcli/src/main/java/com/hpi/ofxAggregates/OfxPosOpt.java
/home/white/OneDrive/Documents/Dev/TPCcli/src/main/java/com/hpi/ofxAggregates/OfxOOSellDebt.java
/home/white/OneDrive/Documents/Dev/TPCcli/src/main/java/com/hpi/ofxAggregates/OfxInvSellMF.java
/home/white/OneDrive/Documents/Dev/TPCcli/src/main/java/com/hpi/ofxAggregates/OfxInvBuyOther.java
/home/white/OneDrive/Documents/Dev/TPCcli/src/main/java/com/hpi/ofxAggregates/OfxInvMarginInterest.java
/home/white/OneDrive/Documents/Dev/TPCcli/src/main/java/com/hpi/appcontrollers/DbOfxController.java
/home/white/OneDrive/Documents/Dev/TPCcli/src/main/java/com/hpi/appcontrollers/positions/OptionControllerBase.java
/home/white/OneDrive/Documents/Dev/TPCcli/src/main/java/com/hpi/appcontrollers/CmdLineController.java
/home/white/OneDrive/Documents/Dev/TPCcli/src/main/java/com/hpi/appcontrollers/OptionHistoryController.java
/home/white/OneDrive/Documents/Dev/TPCcli/src/main/java/com/hpi/appcontrollers/positions/OpenPositionsOptionController.java
/home/white/OneDrive/Documents/Dev/TPCcli/src/main/java/com/hpi/ofxAggregates/OfxInvAcctFrom.java
/home/white/OneDrive/Documents/Dev/TPCcli/src/main/java/com/hpi/ofxAggregates/OfxMFInfo.java
/home/white/OneDrive/Documents/Dev/TPCcli/src/main/java/com/hpi/appTPCcli/TPCcliEx.java
/home/white/OneDrive/Documents/Dev/TPCcli/src/main/java/com/hpi/ofxAggregates/OfxStockInfo.java
/home/white/OneDrive/Documents/Dev/TPCcli/src/main/java/com/hpi/appcontrollers/TDAmeritradeFetchStocksController2.java
/home/white/OneDrive/Documents/Dev/TPCcli/src/main/java/com/hpi/appcontrollers/FinVizController2.java
/home/white/OneDrive/Documents/Dev/TPCcli/src/main/java/com/hpi/ofxAggregates/OfxPosMF.java
/home/white/OneDrive/Documents/Dev/TPCcli/src/main/java/com/hpi/ofxAggregates/OfxInvPos.java
/home/white/OneDrive/Documents/Dev/TPCcli/src/main/java/com/hpi/ofxAggregates/OfxInvBal.java
/home/white/OneDrive/Documents/Dev/TPCcli/src/main/java/com/hpi/ofxAggregates/IOfxSQL.java
/home/white/OneDrive/Documents/Dev/TPCcli/src/main/java/com/hpi/ofxAggregates/OfxStatus.java
/home/white/OneDrive/Documents/Dev/TPCcli/src/main/java/com/hpi/ofxAggregates/OfxOfx.java
/home/white/OneDrive/Documents/Dev/TPCcli/src/main/java/com/hpi/ofxFileHandling/SGMLNode.java
/home/white/OneDrive/Documents/Dev/TPCcli/src/main/java/com/hpi/appcontrollers/positions/OpenPositionsStockController.java
/home/white/OneDrive/Documents/Dev/TPCcli/src/main/java/com/hpi/ofxAggregates/OfxInvBuyOpt.java
/home/white/OneDrive/Documents/Dev/TPCcli/src/main/java/com/hpi/ofxAggregates/OfxStmtTrn.java
/home/white/OneDrive/Documents/Dev/TPCcli/src/main/java/com/hpi/ofxAggregates/OfxOOSellMF.java
/home/white/OneDrive/Documents/Dev/TPCcli/src/main/java/com/hpi/ofxFileHandling/FixSGML2XML.java
/home/white/OneDrive/Documents/Dev/TPCcli/src/main/java/com/hpi/ofxAggregates/OfxOOBuyOpt.java
/home/white/OneDrive/Documents/Dev/TPCcli/src/main/java/com/hpi/ofxAggregates/OfxInvSellOther.java
/home/white/OneDrive/Documents/Dev/TPCcli/src/main/java/com/hpi/ofxAggregates/OfxInvStmtTrnRS.java
/home/white/OneDrive/Documents/Dev/TPCcli/src/main/java/com/hpi/ofxAggregates/OfxInvStmtMsgsRSv1.java
/home/white/OneDrive/Documents/Dev/TPCcli/src/main/java/com/hpi/ofxAggregates/OfxAggregateBase.java
/home/white/OneDrive/Documents/Dev/TPCcli/src/main/java/com/hpi/appcontrollers/OfxDirectDLController.java
/home/white/OneDrive/Documents/Dev/TPCcli/src/main/java/com/hpi/ofxAggregates/OfxFiMFPortion.java
/home/white/OneDrive/Documents/Dev/TPCcli/src/main/java/com/hpi/ofxAggregates/OfxOOSellOther.java
/home/white/OneDrive/Documents/Dev/TPCcli/src/main/java/com/hpi/ofxAggregates/OfxInvSellDebt.java
/home/white/OneDrive/Documents/Dev/TPCcli/src/main/java/com/hpi/ofxAggregates/OfxInvSplit.java
/home/white/OneDrive/Documents/Dev/TPCcli/src/main/java/com/hpi/ofxAggregates/OfxDebtInfo.java
/home/white/OneDrive/Documents/Dev/TPCcli/src/main/java/com/hpi/ofxAggregates/OfxBankAcctToFrom.java
/home/white/OneDrive/Documents/Dev/TPCcli/src/main/java/com/hpi/ofxAggregates/OfxBal.java
/home/white/OneDrive/Documents/Dev/TPCcli/src/main/java/com/hpi/ofxAggregates/OfxInvRetOfCap.java
/home/white/OneDrive/Documents/Dev/TPCcli/src/main/java/com/hpi/ofxAggregates/OfxOOBuyOther.java
/home/white/OneDrive/Documents/Dev/TPCcli/src/main/java/com/hpi/ofxAggregates/OfxInvSell.java
/home/white/OneDrive/Documents/Dev/TPCcli/src/main/java/com/hpi/ofxAggregates/OfxInvJrnlSec.java
/home/white/OneDrive/Documents/Dev/TPCcli/src/main/java/com/hpi/ofxAggregates/OfxPosDebt.java
/home/white/OneDrive/Documents/Dev/TPCcli/src/main/java/com/hpi/appcontrollers/DataMartController.java
/home/white/OneDrive/Documents/Dev/TPCcli/src/main/java/com/hpi/ofxAggregates/OfxInvBuy.java
/home/white/OneDrive/Documents/Dev/TPCcli/src/main/java/com/hpi/ofxAggregates/OfxInvBankTran.java
/home/white/OneDrive/Documents/Dev/TPCcli/src/main/java/com/hpi/ofxAggregates/OfxInvReinvest.java
/home/white/OneDrive/Documents/Dev/TPCcli/src/main/java/com/hpi/appcontrollers/TDAmeritradeFetchStocksController.java
/home/white/OneDrive/Documents/Dev/TPCcli/src/main/java/com/hpi/ofxAggregates/OfxSecId.java
/home/white/OneDrive/Documents/Dev/TPCcli/src/main/java/com/hpi/ofxAggregates/OfxInv401k.java
/home/white/OneDrive/Documents/Dev/TPCcli/src/main/java/com/hpi/ofxAggregates/OfxOOSellStock.java
/home/white/OneDrive/Documents/Dev/TPCcli/src/main/java/com/hpi/ofxAggregates/OfxMFPortion.java
/home/white/OneDrive/Documents/Dev/TPCcli/src/main/java/com/hpi/ofxFileHandling/DesiredCapability.java
/home/white/OneDrive/Documents/Dev/TPCcli/src/main/java/com/hpi/ofxAggregates/OfxSecList.java
/home/white/OneDrive/Documents/Dev/TPCcli/src/main/java/com/hpi/ofxAggregates/OfxSignOnMsgsRSv1.java
/home/white/OneDrive/Documents/Dev/TPCcli/src/main/java/com/hpi/appcontrollers/positions/PositionBaseStock.java
/home/white/OneDrive/Documents/Dev/TPCcli/src/main/java/com/hpi/appcontrollers/FinVizController3.java
/home/white/OneDrive/Documents/Dev/TPCcli/src/main/java/com/hpi/ofxAggregates/OfxFI.java
/home/white/OneDrive/Documents/Dev/TPCcli/src/main/java/com/hpi/ofxAggregates/OfxOOBuyDebt.java
/home/white/OneDrive/Documents/Dev/TPCcli/src/main/java/com/hpi/ofxAggregates/OfxInvBuyDebt.java
/home/white/OneDrive/Documents/Dev/TPCcli/src/main/java/com/hpi/appcontrollers/positions/ClosedPositionsStockController.java
/home/white/OneDrive/Documents/Dev/TPCcli/src/main/java/com/hpi/ofxAggregates/OfxOOBuyStock.java
/home/white/OneDrive/Documents/Dev/TPCcli/src/main/java/com/hpi/ofxAggregates/OfxInvTransfer.java
/home/white/OneDrive/Documents/Dev/TPCcli/src/main/java/com/hpi/ofxAggregates/OfxSecListMsgsRSv1.java
/home/white/OneDrive/Documents/Dev/TPCcli/src/main/java/com/hpi/ofxAggregates/OfxOOSellOpt.java
/home/white/OneDrive/Documents/Dev/TPCcli/src/main/java/com/hpi/ofxAggregates/OfxOpenOrder.java
/home/white/OneDrive/Documents/Dev/TPCcli/src/main/java/com/hpi/ofxAggregates/OfxOptInfo.java
/home/white/OneDrive/Documents/Dev/TPCcli/src/main/java/com/hpi/appcontrollers/FinVizController4.java
/home/white/OneDrive/Documents/Dev/TPCcli/src/main/java/com/hpi/ofxAggregates/OfxPosStock.java
/home/white/OneDrive/Documents/Dev/TPCcli/src/main/java/com/hpi/ofxFileHandling/OfxFileController.java
/home/white/OneDrive/Documents/Dev/TPCcli/src/main/java/com/hpi/ofxAggregates/OfxOOSwitchMF.java
/home/white/OneDrive/Documents/Dev/TPCcli/src/main/java/com/hpi/ofxAggregates/OfxFiMFAssetClass.java
/home/white/OneDrive/Documents/Dev/TPCcli/src/main/java/com/hpi/ofxAggregates/OfxPayee.java
/home/white/OneDrive/Documents/Dev/TPCcli/src/main/java/com/hpi/appcontrollers/positions/ClosedPositionsOptionController.java
/home/white/OneDrive/Documents/Dev/TPCcli/src/main/java/com/hpi/ofxAggregates/OfxInvBuyStock.java
/home/white/OneDrive/Documents/Dev/TPCcli/src/main/java/com/hpi/ofxAggregates/OfxSecInfo.java
/home/white/OneDrive/Documents/Dev/TPCcli/src/main/java/com/hpi/ofxAggregates/OfxInvExpense.java
/home/white/OneDrive/Documents/Dev/TPCcli/src/main/java/com/hpi/ofxAggregates/OfxImageData.java
/home/white/OneDrive/Documents/Dev/TPCcli/src/main/java/com/hpi/appcontrollers/IEXTradingController.java
/home/white/OneDrive/Documents/Dev/TPCcli/src/main/java/com/hpi/ofxAggregates/OfxOOBuyMF.java
/home/white/OneDrive/Documents/Dev/TPCcli/src/main/java/com/hpi/ofxAggregates/OfxSonRS.java
/home/white/OneDrive/Documents/Dev/TPCcli/src/main/java/com/hpi/ofxAggregates/OfxInvSellOpt.java
/home/white/OneDrive/Documents/Dev/TPCcli/src/main/java/com/hpi/ofxAggregates/OfxInvBuyMF.java
/home/white/OneDrive/Documents/Dev/TPCcli/src/main/java/com/hpi/ofxAggregates/OfxInvSellStock.java
