Positions/ClosedPositionsStockController/ClosedPositionsStockBase.class
com/hpi/appcontrollers/CmdLineControllerTest$18Local.class
utils/BaseTest.class
Positions/ClosedPositionsStockController/TestInteger.class
com/hpi/appcontrollers/CmdLineControllerTest$2Local.class
com/hpi/appcontrollers/CmdLineControllerTest$10Local.class
Positions/OpenPositionsOptionController/OpenPositionsOptionBase.class
com/hpi/ClosedPositionsOptionController/CloseTransTest1.class
Positions/OpenPositionsOptionController/TestInteger.class
Positions/OpenPositionStockController/TestInteger.class
com/hpi/appcontrollers/CmdLineControllerTest$15Local.class
Positions/ClosedPositionsStockController/ClosedTransTest.class
com/hpi/appcontrollers/CmdLineControllerTest$20Local.class
com/hpi/appcontrollers/CmdLineControllerTest$7Local.class
StockController/ProcessFIFOStockLotsTest1.class
DataMartController/FifoLotsTest.class
StockController/ProcessFIFOStockLotsAccountsTest.class
com/hpi/appcontrollers/CmdLineControllerTest$19Local.class
com/hpi/ClosedPositionsOptionController/ClosedPositionsOptionBase.class
com/hpi/appcontrollers/CmdLineControllerTest$12Local.class
com/hpi/appcontrollers/CmdLineControllerTest$4Local.class
Positions/OpenPositionStockController/OpenPositionsStockBase.class
DataMartController/DataMartControllerBase.class
StockController/TestString.class
com/hpi/ClosedPositionsOptionController/CloseTransTest22.class
com/hpi/appcontrollers/CmdLineControllerTest$13Local.class
Positions/ClosedPositionsStockController/TestDouble.class
com/hpi/ClosedPositionsOptionController/TestDouble.class
com/hpi/appcontrollers/CmdLineControllerTest$5Local.class
com/hpi/appcontrollers/CmdLineControllerTest$11Local.class
com/hpi/appcontrollers/CmdLineControllerTest$9Local.class
Positions/OpenPositionStockController/TestDouble.class
com/hpi/appcontrollers/CmdLineControllerTest.class
StockController/TestInteger.class
StockController/TestDouble.class
com/hpi/appcontrollers/CmdLineControllerTest$6Local.class
com/hpi/appcontrollers/CmdLineControllerTest$14Local.class
Positions/OpenPositionsOptionController/TestString.class
Positions/OpenPositionStockController/OpenTransTest.class
com/hpi/ClosedPositionsOptionController/TestInteger.class
CmdLineController/CmdLineControllerBase.class
Positions/ClosedPositionsStockController/CloseTransTest10.class
com/hpi/ClosedPositionsOptionController/CloseTransTest21.class
com/hpi/appcontrollers/CmdLineControllerTest$3Local.class
com/hpi/ClosedPositionsOptionController/CloseTransTest11.class
com/hpi/appcontrollers/CmdLineControllerTest$16Local.class
DataMartController/Dbx2DmxTest.class
Positions/ClosedPositionsStockController/TestString.class
com/hpi/ClosedPositionsOptionController/TestString.class
com/hpi/appcontrollers/CmdLineControllerTest$8Local.class
StockController/StockControllerBase.class
com/hpi/appcontrollers/CmdLineControllerTest$17Local.class
CmdLineController/OptionTest1.class
Positions/OpenPositionsOptionController/TestDouble.class
Positions/OpenPositionStockController/TestString.class
com/hpi/appcontrollers/CmdLineControllerTest$1Local.class
CmdLineController/OptionTest1$1Local.class
