/home/white/OneDrive/Documents/Dev/TPCcli/src/test/java/CmdLineController/OptionTest1.java
/home/white/OneDrive/Documents/Dev/TPCcli/src/test/java/com/hpi/ClosedPositionsOptionController/CloseTransTest1.java
/home/white/OneDrive/Documents/Dev/TPCcli/src/test/java/com/hpi/ClosedPositionsOptionController/TestInteger.java
/home/white/OneDrive/Documents/Dev/TPCcli/src/test/java/Positions/ClosedPositionsStockController/TestDouble.java
/home/white/OneDrive/Documents/Dev/TPCcli/src/test/java/Positions/OpenPositionStockController/OpenTransTest.java
/home/white/OneDrive/Documents/Dev/TPCcli/src/test/java/Positions/OpenPositionStockController/OpenPositionsStockBase.java
/home/white/OneDrive/Documents/Dev/TPCcli/src/test/java/DataMartController/FifoLotsTest.java
/home/white/OneDrive/Documents/Dev/TPCcli/src/test/java/Positions/OpenPositionsOptionController/OpenPositionsOptionBase.java
/home/white/OneDrive/Documents/Dev/TPCcli/src/test/java/com/hpi/ClosedPositionsOptionController/TestDouble.java
/home/white/OneDrive/Documents/Dev/TPCcli/src/test/java/StockController/ProcessFIFOStockLotsAccountsTest.java
/home/white/OneDrive/Documents/Dev/TPCcli/src/test/java/StockController/TestInteger.java
/home/white/OneDrive/Documents/Dev/TPCcli/src/test/java/Positions/ClosedPositionsStockController/TestString.java
/home/white/OneDrive/Documents/Dev/TPCcli/src/test/java/StockController/TestDouble.java
/home/white/OneDrive/Documents/Dev/TPCcli/src/test/java/com/hpi/appcontrollers/CmdLineControllerTest.java
/home/white/OneDrive/Documents/Dev/TPCcli/src/test/java/Positions/OpenPositionStockController/TestInteger.java
/home/white/OneDrive/Documents/Dev/TPCcli/src/test/java/CmdLineController/CmdLineControllerBase.java
/home/white/OneDrive/Documents/Dev/TPCcli/src/test/java/com/hpi/ClosedPositionsOptionController/CloseTransTest11.java
/home/white/OneDrive/Documents/Dev/TPCcli/src/test/java/com/hpi/ClosedPositionsOptionController/CloseTransTest22.java
/home/white/OneDrive/Documents/Dev/TPCcli/src/test/java/Positions/ClosedPositionsStockController/CloseTransTest10.java
/home/white/OneDrive/Documents/Dev/TPCcli/src/test/java/Positions/OpenPositionsOptionController/TestDouble.java
/home/white/OneDrive/Documents/Dev/TPCcli/src/test/java/utils/BaseTest.java
/home/white/OneDrive/Documents/Dev/TPCcli/src/test/java/com/hpi/ClosedPositionsOptionController/CloseTransTest21.java
/home/white/OneDrive/Documents/Dev/TPCcli/src/test/java/Positions/ClosedPositionsStockController/TestInteger.java
/home/white/OneDrive/Documents/Dev/TPCcli/src/test/java/Positions/ClosedPositionsStockController/ClosedTransTest.java
/home/white/OneDrive/Documents/Dev/TPCcli/src/test/java/Positions/OpenPositionStockController/TestDouble.java
/home/white/OneDrive/Documents/Dev/TPCcli/src/test/java/DataMartController/Dbx2DmxTest.java
/home/white/OneDrive/Documents/Dev/TPCcli/src/test/java/DataMartController/DataMartControllerBase.java
/home/white/OneDrive/Documents/Dev/TPCcli/src/test/java/Positions/OpenPositionsOptionController/TestInteger.java
/home/white/OneDrive/Documents/Dev/TPCcli/src/test/java/com/hpi/ClosedPositionsOptionController/ClosedPositionsOptionBase.java
/home/white/OneDrive/Documents/Dev/TPCcli/src/test/java/StockController/StockControllerBase.java
/home/white/OneDrive/Documents/Dev/TPCcli/src/test/java/StockController/ProcessFIFOStockLotsTest1.java
/home/white/OneDrive/Documents/Dev/TPCcli/src/test/java/Positions/OpenPositionsOptionController/TestString.java
/home/white/OneDrive/Documents/Dev/TPCcli/src/test/java/com/hpi/ClosedPositionsOptionController/TestString.java
/home/white/OneDrive/Documents/Dev/TPCcli/src/test/java/Positions/ClosedPositionsStockController/ClosedPositionsStockBase.java
/home/white/OneDrive/Documents/Dev/TPCcli/src/test/java/StockController/TestString.java
/home/white/OneDrive/Documents/Dev/TPCcli/src/test/java/Positions/OpenPositionStockController/TestString.java
